LAND game Map 50 x 16
Stage #17
CRC-32 1CB832A7

{
#<>############  #############  ##################
#[]%%%%%%%%%        %$%%%[]$%   %%%123412%$$%141 #
#[]% $$ %$$%      [] #$$$[]%%   %%%%%%%%%%%^^%^[]#
#[]%%%%%%%%%[]%^^^%[] #%% $ %   %1234%% $$    $[]#
#       %$ %[]     %[]%%^^^%  []%%%%%%%%%%%[]%%###
#  %   #%%%%%%[]%%%%%[]%^^^ %%[][]    $    []    #
#  $  $#  %%%%[]              []% %   []  %[]%^  #
#  $  $%    %%%%%%%[]%%%%%^^^^^^   ^^^[]^^^^^    #
#  %^^%%$   # $ $ %[]%         $      []         #
#   $$ #%  $%%%%%%%[]%%%%%^^^%%%[]$   []%^^^[]  $#
#  %1234$  %#    $ []    $      []    []    []  $#
#  %%%%#%  $#$   %%[]%%%%%^^^#     $         []  #
#  %134%   %%%1234 []    $% $#  ^^%%%%[]1234 []  #
#  %%%%#$$%%%%%%%%%[]%%%%%%$ #    %$% []%%%%  [] #
#            %$ %  []     %123%%1123    $ $ $ [] #
##################################################
}

Legend:
=====================
 # = Solid Wall
 % = Brick Wall
 $ = Chest
 1 = Biomass 1
 2 = Biomass 2
 3 = Biomass 3
 4 = Biomass 4
 ^ = Floor
 [ = Ladder Left
 ] = Ladder Right
 < = Exit Door Left
 > = Exit Door Right
