LAND game Map 50 x 16
Stage #19
CRC-32 D63D98C8

{
#<>############  #############  ##################
#[]12341234  $ $ %[]123412341# $%[] $$ []$ []$ []#
#[]%%%%%%%%[]%%%%%[]%%%%$%$%%#$ %[]    [] $[] $[]#
#[] %$ $ $   $ $ $  %123$ $ $# $#[]^^^^[]$ []$ []#
#[] $^^^^^^^^^^^^^[]^^^^^^^^^#$ #[]    [] $[] $[]#
#[]12341234  %1234[]% $ $ $ $% $ [] $$ []  []  []#
#[]%%%%%%%%[]%%^^^^^^^^^^^^^^^^^^^^      ^^  ^^[]#
#[]% $$  $$  $$  $$  $$  $$   $$   $$  $$  $$  []#
#[]%%%%  %%  %%  %%  %%  %%  %  %%%  %%  %%  %%[]#
#[]1234123%  %112341234123412%  %12341%  %12341[]#
#  %%$$%%$$%%$$%%$$%%$$%%$$%%%$$ $$%%$$%%$$%%$$[]#
#  []^^[]^^[]^^[]^^[]^^[]^^[]^^[]^^[]^^[]^^[]^^[]#
#  []$ []$ []$ []$ []$ []$ []$ []$ []$ []$ []$ []#
#  []^^[]^^[]^^[]^^[]^^[]^^[]^^[]^^[]^^[]^^[]^^[]#
#  [] $[] $[] $[] $[] $[] $[] $[] $[] $[] $[] $[]#
##################################################
}

Legend:
=====================
 # = Solid Wall
 % = Brick Wall
 $ = Chest
 1 = Biomass 1
 2 = Biomass 2
 3 = Biomass 3
 4 = Biomass 4
 ^ = Floor
 [ = Ladder Left
 ] = Ladder Right
 < = Exit Door Left
 > = Exit Door Right
