LAND game Map 50 x 16
Stage #7
CRC-32 980D0849

{
#<>############  #############  ##################
#[]                                              #
#[]^^^^^^^^^^^^^^^^^^^^^^^^^^^^^^^^^^^^^^^^^^^^[]#
#                []                            []#
#$%%%%[]%%%%%%%^^[]%%%##########[]%%%#######%%%[]#
#%$  #[]   $  %  []#$ #$ $ $%$$#[]  %$  $  $   []#
#  $%#[]^^$ $$%  []# $#[]#[]#[]#[]  %#######   []#
#$%  #[]    ^^%  []#$ $[]#$$%$$#[]  %$  $  $   []#
#%$  #[]^^$ $$%  []##########[]#[]  %#######   []#
#  $%#[]    ^^%  []#12341234123#[]  %$  $  $   []#
#$%  #[]^^$ $$%  []%%####[]#####[]  %#%%%[]#   []#
#%$  #[] %  ^^%  []  $ $ [] $ $#[]   #$%$[]#   []#
#  $%#[]##$ $$%  []%%^^^^^^^^^^^[]   $  $  $  #[]#
#$%  #[]%%%%%%%  []             []   #######  #[]#
#    %           []1234123412341[]   %123412%%%[]#
##################################################
}

Legend:
=====================
 # = Solid Wall
 % = Brick Wall
 $ = Chest
 1 = Biomass 1
 2 = Biomass 2
 3 = Biomass 3
 4 = Biomass 4
 ^ = Floor
 [ = Ladder Left
 ] = Ladder Right
 < = Exit Door Left
 > = Exit Door Right
