LAND game Map 50 x 16
Stage #1
CRC-32 1CABBBAD

{
          1111111111222222222233333333333444444444
01234567890123456789012345678901234567890123456789
#<>############  ###########  ####################
#[][][]    $                   []%%%%$%%%%%%%  ###
#  %%[]######[]%%%%%%%%%%%%%%%%[]#######[]###[]###
#%%%%    $   []^^^^  ^^^^^^^^  []       $    []###
#$     []^^^^[]     $         $              []###
#                      []^^^^^^^^^^^^^^^^^^##[]###
#[]^^^^^^^^^^#####[]#^^[]%%%$%%%%%    % $ %%#[]###
#[]              $  $    []%%$%[]%[]  ^^^^^^^[]###
#[]^^^^^^      ######%%[]^^^^^^^^^[]         []###
#[]        []    $  $  []  $          #[]^^^^[]###
#[]  %1234%[]^^^^^^^^^^^^  ^^^^^^^[]  #[]    []###
#[]  %%%%%%    %123412341234123412[]  #[]  $ []###
#[]          []^^^^^^^^^^^^^^^^^^^[]  #[]^^^^[]###
#[]%%%^^^^^^^[]                   [] $#[]      ###
#[] $ $ $    []1234123412341234123#####[]  $   ###
##################################################
}

Legend:
=====================
 # = Solid Wall
 % = Brick Wall
 $ = Chest
 1 = Biomass 1
 2 = Biomass 2
 3 = Biomass 3
 4 = Biomass 4
 ^ = Floor
 [ = Ladder Left
 ] = Ladder Right
 < = Exit Door Left
 > = Exit Door Right
