LAND game Map 50 x 16
Stage #21
CRC-32 FDE2FBC5

{
#<>############  ###########  ####################
#[] $       $     $       $      $         $   ###
#  ^^^[]   ^^^^^^%%%%[][]%%%^^^^%%%%[]  %%%%%[]###
#$$123[]12$$12   %%   []  %% $$ %%  $$  $$ %%[]###
#[]%%%[]%%%%%%   %%$ []  $%%^^^^%%123412341%%[]###
#[]         $    %%   []  %%  $ %%^^^^^^^^^%%[]###
#[]12$  $12      %%^^[] ^^%%[]%%%#$$12  $$123[]###
#[]%%%  %%%  $   %%$12[]  %%    %#^^^%[]%^^^^[]###
#[]%[][][]%%%%%%%%%^^[] ^^% $  $ #$$  $$123$$[]###
#%$%%%[]%%%$$%%%% $   []^^%%%[]%%%  ^^^^^^^^^[]###
#%$$$%[]%12$$12%%$12$$$123$12[] $$12$$1234[]   ###
#$ ###[]%%%%%%%%%%%%%[]%%%^^^%% ^^^^%%^^^^%%$12###
#[]%%%[]             []      []   %%$$%%  []#[]###
#[]^^^[]%%^^[]^^##[]#%%^^^^^^[]%%$123412$$%%^[]###
#[]#$ %%[]$$%%$$12[]%^^#[]$$[]%^^%^^^^^^[] $ []###
##################################################
}

Legend:
=====================
 # = Solid Wall
 % = Brick Wall
 $ = Chest
 1 = Biomass 1
 2 = Biomass 2
 3 = Biomass 3
 4 = Biomass 4
 ^ = Floor
 [ = Ladder Left
 ] = Ladder Right
 < = Exit Door Left
 > = Exit Door Right
