LAND game Map 50 x 16
Stage #1
CRC-32 8EFE016A

{
#<>############  #############  ##################
#[]  $ %%  %%$       $               []%$%$%$%$%$#
#[]%$$%%%[]%%  $   %%%%[]  $     $$  []########[]#
#%%%%[]%%[]%%%%%%[] $ $%%%%%%[]%%%%%%[]##  $  $  #
#%%$ %123[]  $$    %%   $$   []  $   []$ []####[]#
#%%[]%%%%%%%%%%%%[]%%%%%%%%%%[]%%%%%%[]%%  $ ##[]#
#[][]%%  $$    $     $$    $ [] $  %%[]%%%%%%%%[]#
#[]%%%%[]%%[]%%%%%%%%%%%%[]%%%%%%[]$12341    $ []#
#[]%123[]%%      $$   $  []%%[]$ []%%$$%%[]#%%%[]#
#[]%%%%%%%%[]%%%%%%%%%%[]%%%%[]%%%%%%%%%%[]#$ $[]#
#[] $$ %123[]%%  $   $$    $ []%$%$%$%$%%[]# $ []#
#%%%%[]%%%%%%%%[]%%%%%%%%[]%%%%%%%%%%%%%%[]#123[]#
# $$ []  $   $ []%%$$1234[]%1234123  %$$%[]%%%%[]#
#%%%%[]%%%%[]%%%%%%%%%%%%[]%%%%$$%%[]%%%%[]123$[]#
#  $$  $   []   $      $ []#     $ [] $  []%%%%%%#
##################################################
}

Legend:
=====================
 # = Solid Wall
 % = Brick Wall
 $ = Chest
 1 = Biomass 1
 2 = Biomass 2
 3 = Biomass 3
 4 = Biomass 4
 ^ = Floor
 [ = Ladder Left
 ] = Ladder Right
 < = Exit Door Left
 > = Exit Door Right
