LAND game map 48 x 14
Stage #3
                     
01234567890123456789012345678901234567890123456780
1][  C            B C B               C BB C     1
2][WWWWBB][W  ][``````W][````W   BBBBBBBBBBBBBB][2
3][   C       ][  B    ][    C    ][    ][BB CC][3
4][````````WWWWWWWWWWWW][`````````][``WWWWWW`````4
5    B123412341     ][   C        ][   C       ][5
6][  W````````W  W``][``````````WW```][WWWWW```][6
7][  W C            ][               ][   WW   ][7
8WW][W][W12341W][W  ][   ][````WWW][    C      ][8
9  ][   BBBBBBW][WWWWW   ][       ][```WWW][```][9
0  ][  C             W   ][````WWW][  C   ][   ][0
1WW][```W][W][`````][    ][       ][````WWWW   ][1
2  ][    BBW][  C  ][W`````````   ][         ````2 
3  ][```WCCWWWWWWWW][W            ][`````][W     3
4  ][   WBBBBBCBBBB][W1234123412 C][ C   ][W123414
01234567890123456789012345678901234567890123456780

Legend 
=====================
 W    - Stone Wall
 B    - Brick wall
 C    - Chest
 1-4  - Biomass
 `    - Floor
 ][   - Stairs


