LAND game map 48 x 14
Stage #5
                     
01234567890123456789012345678901234567890123456780
1][           B C             C                  1
2][BBBBBBBBBBBW``BBB][WW][BBBB``WWWB][BBBBBB][B C2
3][ C C C C   BC ```][  ][```` CB  B][  W  C][WC 3
4  ``````` C  B CB C][``][   BC B  B][  WC B][W C4
5C    C     C BC B    C      B CB  B][  WB C][WC 5
6`````````````B``B```````````BC B  B][  WC B][W C6
7         C   BC    C  C   C    B  B][  WB C][WC 7
8123412341][  B CB```````````WWWW  B][  WC B][W C8
9WWWWWWWWW][  BC               C   B][  WB C][WC 9
0BB  BBBBB][```WW``][``][````WWWW``B][``WC W][W C0
1CB][WC CW][       ][C ][  C        ][ CWBBB][ C 1
2  ][W C W][```````][``][``````WW```][``WWWW][C C2 
3``][WC CW][                        ][      ][ C 3
4  ][W C  ][123412341234123412341234][123412][CCC4
01234567890123456789012345678901234567890123456780

Legend 
=====================
 W    - Stone Wall
 B    - Brick wall
 C    - Chest
 1-4  - Biomass
 `    - Floor
 ][   - Stairs


