LAND game map 48 x 14
Stage #7
                     
01234567890123456789012345678901234567890123456780
1][  B123412341                 BB C    C  C C BB1
2][` ``````````  B12341234123``````` ][```````W  2
3][  C C       C BBBBBBBBBBBBB  C   ][BB C C C BB3
4BBBBBBBBB][  ```````````````````` ][BBBBBBBBBW``4
5CCW  BCBBB][    B12341234123B    ][ W C C C C   5
6    CW][```][BBBBBBBBBBBBBBBBBBB][ BBBBBBBBBBW``6 
7CCW  ][         B12341234123B    ][   C C C C   7
8   C W][ C    ][BBBBBCCBBBBBB][    ````````BBB][8
9CCW  ][     ][  C C C   C C C  ][      B123C B][9
0          ][BBBBBBBBBB][`````````][    BBBBBBB][0
1  W```  ][BBC C C C CB][BBC C C CBB][      C B][1
2CCB   ][````````BBBBBB][BBBBB````````][    ```][2 
3BB  ][                                 ][     ][3
4  ][1234123412341234123412341234123412341][   ][4
01234567890123456789012345678901234567890123456780

Legend 
=====================
 W    - Stone Wall
 B    - Brick wall
 C    - Chest
 1-4  - Biomass
 `    - Floor
 ][   - Stairs


