LAND game map 48 x 14
Stage #8
                     
01234567890123456789012345678901234567890123456780
1][                 C  C  C     C    C     C  C  1
2  ][  C      BB  BBBBBBBBBB````````````][`````  2
3  BBBB][     C   B12341234B            ][       3
4  ][  ][    ```` BBBBBBBBBB   ][``````````````][4
5  ][    ][                    ][ C  C  C        5
6  ][ C C  ][                  ][````````][    C 6
7  ][````    ][   C   C   C   C          ][  BBWW7
8  ][    ][``````````````````````````````][BB    8
9  ][ C  ][ C  C  C           C   C   C   C      9
0  ][``  ][``````````][    ][````````````````][  0
1      C  C  C  C    ][````][       C   C    ][  1
2  ][`````````````][            ][```````````][  2 
3  ][             ][````````````][               3
4  ][12341234123412341234123412341234123412341W  4
01234567890123456789012345678901234567890123456780

Legend 
=====================
 W    - Stone Wall
 B    - Brick wall
 C    - Chest
 1-4  - Biomass
 `    - Floor
 ][   - Stairs


