LAND game map 48 x 14
Stage #14
                     
01234567890123456789012345678901234567890123456780
1][                                              1
2][````````````````````````````````````````````][2
3                ][                            ][3
4CBBBB][BBBBBBB``][BBBWWWWWWWWWW][BBBWWWWWWWBBB][4
5BC  W][   C  B  ][WC WC C CBCCW][  BC  C  C   ][5
6  CBW][``C CCB  ][W CW][W][W][W][  BWWWWWWW   ][6
7CB  W][    ``B  ][WC C][WCCBCCW][  BC  C  C   ][7
8BC  W][``C CCB  ][WWWWWWWWWW][W][  BWWWWWWW   ][8
9  CBW][    ``B  ][W12341234123W][  BC  C  C   ][9
0CB  W][``C CCB  ][BBWWWW][WWWWW][  BWBBB][W   ][0
1BC  W][ B  ``B  ][  C C ][ C CW][   WCBC][W   ][1
2  CBW][WWC CCB  ][BB```````````][   C  C  C  W][2 
3CB  W][BBBBBBB  ][             ][   WWWWWWW  W][3
4    B][         ][1234123412341][   B123412BBB][4
01234567890123456789012345678901234567890123456780

Legend 
=====================
 W    - Stone Wall
 B    - Brick wall
 C    - Chest
 1-4  - Biomass
 `    - Floor
 ][   - Stairs


