LAND game map 48 x 14
Stage #15 
                     
01234567890123456789012345678901234567890123456780
1][      C    C                   C BB   C   CC  1
2][WWWWWWWWWWWW          CBBBBW```````][WW   ``][2
3][  B123412         C            B123][       ][3
4][  BBBBBBB][BB][``````BBBBBBBB][``````       ][4
5][  BBC   CBB  ][              ][     C       ][5
6][  BBBBBBB][  ][   C          ][    ```W     ][6
7][  BBC   CBB  ][``````W       ][     C       ][7
8][  BBBBBBB][  ][              ][  W``````    ][8
9][  BBC   CBB  ][              ][     C       ][9
0][  BBBBBBB][  ][   C          ][   ``````W   ][0
1][```````````  ][``````W       ][      C      ][1
2               ][      C       ][  W``````````][2 
3][`````````````][      W```````][BB           ][3
4][1234123412 C ][12341234123412341234123412341234
01234567890123456789012345678901234567890123456780

Legend 
=====================
 W    - Stone Wall
 B    - Brick wall
 C    - Chest
 1-4  - Biomass
 `    - Floor
 ][   - Stairs


