LAND game Map 50 x 16
Stage #13
CRC-32 9CE71DA3

{
#<>############  ###########  ####################
#[]12341234  $ $ %[]       # $%[]$  $[]$ []$ []###
#[]%%%%%%%%[]%%%%%[]%%%$%$%#$ %[]    [] $[] $[]###
#[] %$ $ $   $ $ $  %123$ $# $#[]^^^^[]$ []$ []###
#[] $^^^^^^^^^^^^^[]^^^^^^^#$ #[]    [] $[] $[]###
#[]12341234  %1234[]% $ $ $% $ [] $$ []  []  []###
#[]%%%%%%%%[]%%^^^^^^^^^^^^^^^^^^      ^^  ^^[]###
#[]% $$  $$  $$  $$  $$  $$ $$   $$  $$  $$  []###
#[]%%%%  %%  %%  %%  %%  %%%  %%%  %%  %%  %%[]###
#[]1234123%  %1234123412341%  %12341%  %12341[]###
#  %%$$%%$$%%$$%%$$%%$$%%$$%$$ $$%%$$%%$$%%$$[]###
#  []^^[]^^[]^^[]^^[]^^[]^^^^[]^^[]^^[]^^[]^^[]###
#  []$ []$ []$ []$ []$ []$ $ []$ []$ []$ []$ []###
#  []^^[]^^[]^^[]^^[]^^[]^^^^[]^^[]^^[]^^[]^^[]###
#  [] $[] $[] $[] $[] $[] $ $[] $[] $[] $[] $[]###
##################################################
}

Legend:
=====================
 # = Solid Wall
 % = Brick Wall
 $ = Chest
 1 = Biomass 1
 2 = Biomass 2
 3 = Biomass 3
 4 = Biomass 4
 ^ = Floor
 [ = Ladder Left
 ] = Ladder Right
 < = Exit Door Left
 > = Exit Door Right
