LAND game map 48 x 14
Stage #5
                     
01234567890123456789012345678901234567890123456780
1][      C                       CBBCBBBBBBBBCBBC1
2][][WWWWW         ][WW][WW][     ```````][````  2
3  ][              ][WW][WW][            ][      3
4  ][````````````````BB][BB``````````````][````  4
5  ][              B123WW                    CB  5
6  ][````````      BBBB][BBBB       C      ][BB  6
7  ][     BBB   BBBBBC ][ CBBBBB  ][```][  ````][7
8  ][      C     BBBB``][``BBBB        ][      ][8
9  ][     BBB  BBBBBBC ][ CBBBBB       ][``````][9
0  ][     BCB     BBB``][``BBB   C  C          ][0
1  ][     WWW```WWBBBC ][ CB][  ][```````W   ][][1
2  ][              BBB`][``B][  ][           ][  2 
3  ][```````````][     ][   ][  ][           ][  3
4  ][W123412341WWWWWW1234123WWWWWW1234123412W][  4
01234567890123456789012345678901234567890123456780

Legend 
=====================
 W    - Stone Wall
 B    - Brick wall
 C    - Chest
 1-4  - Biomass
 `    - Floor
 ][   - Stairs


