LAND game Map 50 x 16
Stage #8
CRC-32 4708B429

{
W<>WWWWWWWWWWWW  WWWWWWWWWWWWW  WWWWWWWWWWWWWWWWWW
W][][][    C          C          ][BBBBCBBBBBBB  W
W  BB][WWWWWW][BBBBBBBBBBBBBBBBBB][WWWWWWW][WWW][W
WBBBB    C   ][`````  `````````  ][            ][W
WC     ][````][     C         C                ][W
W                 C      ][``````````````````WW][W
W][``````````WWWWW][WWW``][BBBCBBBBB    B C BBW][W
W][              C  C      ][BBCB][B][  ```````][W
W][`````       WWWWWWWWBB][`````````][         ][W
W][        ][    C  C    ][  C          W][````][W
W][  B1234B][``````````````  ```````][  W][    ][W
W][  BBBBBB    B12341234123412341234][  W][  C ][W
W][          ][`````````````````````][  W][````][W
W][BBB```````][                     ][ CW][      W
W][ C C C    ][123412341234123412341WWWWW][  C   W
WWWWWWWWWWWWWWWWWWWWWWWWWWWWWWWWWWWWWWWWWWWWWWWWWW
}

Legend
=====================
 W = Stone Wall
 B = Brick wall
 C = Chest
 1 = Biomass 1
 2 = Biomass 2
 3 = Biomass 3
 4 = Biomass 4
 ` = Floor
 ] = Stair Left
 [ = Stair Right
 < = Exit Door Left
 > = Exit Door Right
