LAND game Map 50 x 16
Stage #18
CRC-32 9A87EC40

{
W<>WWWWWWWWWWWW  WWWWWWWWWWWWW  WWWWWWWWWWWWWWWWWW
W][BBBBBBBBB        BCBBB][CB   BBB123412BCCB341 W
W][B CC BCCB      ][ WCCC][BB   BBBBBBBBBBB``B`][W
W][BBBBBBBBB][B```B][ WBB C B   B1234BB CC    C][W
W       BC B][     B][BB```B  ][BBBBBBBBBBB][BBWWW
W  B   WBBBBBB][BBBBB][B``` BB][][    C    ][    W
W  C  CW  BBBB][              ][B B   ][  B][B`  W
W  C  CB    BBBBBBB][BBBBB``````   ```][`````    W
W  B``BBC   W C C B][B         C      ][         W
W   CC WB  CBBBBBBB][BBBBB```BBB][C   ][B```][  CW
W  B1234C  BW    C ][    C      ][    ][    ][  CW
W  BBBBWB  CWC   BB][BBBBB```W     C         ][  W
W  B234B   BBB1234 ][    CB CW  ``BBBB][1234 ][  W
W  BBBBWCCBBBBBBBBB][BBBBBBC W    BCB ][BBBB  ][ W
W            BC B  ][     B123BB4123    C C C ][ W
WWWWWWWWWWWWWWWWWWWWWWWWWWWWWWWWWWWWWWWWWWWWWWWWWW
}

Legend
=====================
 W = Stone Wall
 B = Brick wall
 C = Chest
 1 = Biomass 1
 2 = Biomass 2
 3 = Biomass 3
 4 = Biomass 4
 ` = Floor
 ] = Stair Left
 [ = Stair Right
 < = Exit Door Left
 > = Exit Door Right
