LAND game Map 50 x 16
Stage #20
CRC-32 AD23FFA8

{
W<>WWWWWWWWWWWW  WWWWWWWWWWWWW  WWWWWWWWWWWWWWWWWW
W][12341234  C C B][123412341W CB][ CC ][C ][C ][W
W][BBBBBBBB][BBBBB][BBBBCBCBBWC B][    ][ C][ C][W
W][ BC C C   C C C  B123C C CW CW][````][C ][C ][W
W][ C`````````````][`````````WC W][    ][ C][ C][W
W][12341234  B1234][B C C C CB C ][ CC ][  ][  ][W
W][BBBBBBBB][BB````````````````````      ``  ``][W
W][B CC  CC  CC  CC  CC  CC   CC   CC  CC  CC  ][W
W][BBBB  BB  BB  BB  BB  BB  B  BBB  BB  BB  BB][W
W][1234123B  B412341234123412B  B12341B  B12341][W
W  BBCCBBCCBBCCBBCCBBCCBBCCBBBCC CCBBCCBBCCBBCC][W
W  ][``][``][``][``][``][``][``][``][``][``][``][W
W  ][C ][C ][C ][C ][C ][C ][C ][C ][C ][C ][C ][W
W  ][``][``][``][``][``][``][``][``][``][``][``][W
W  ][ C][ C][ C][ C][ C][ C][ C][ C][ C][ C][ C][W
WWWWWWWWWWWWWWWWWWWWWWWWWWWWWWWWWWWWWWWWWWWWWWWWWW
}

Legend
=====================
 W = Stone Wall
 B = Brick wall
 C = Chest
 1 = Biomass 1
 2 = Biomass 2
 3 = Biomass 3
 4 = Biomass 4
 ` = Floor
 ] = Stair Left
 [ = Stair Right
 < = Exit Door Left
 > = Exit Door Right
