LAND game map 48 x 14
Stage #11
                     
01234567890123456789012345678901234567890123456780
1][  C BB  BBC       C               ][BCBCBCBCBC1
2][BCCBBB][BB  C   BBBB][  C     CC  ][WWWWWWWW][2
3BBBB][BB][BBBBBB][ C CBBBBBB][BBBBBB][WW  C  C  3
4BBC B123][  CC    BB   CC   ][  C   ][C ][WWWW][4
5BB][BBBBBBBBBBBB][BBBBBBBBBB][BBBBBB][BB  C WW][5
6][][BB  CC    C     CC    C ][ C  BB][BBBBBBBB][6
7][BBBB][BB][BBBBBBBBBBBB][BBBBBB][C12341    C ][7
8][B123][BB      CC   C  ][BB][C ][BBCCBB][WBBB][8
9][BBBBBBBB][BBBBBBBBBB][BBBB][BBBBBBBBBB][WC C][9
0][ CC B123][BB  C   CC    C ][BCBCBCBCBB][W C ][0
1BBBB][BBBBBBBB][BBBBBBBB][BBBBBBBBBBBBBB][W123][1
2 CC ][  C   C ][BBCC1234][B1234123  BCCB][BBBB][2 
3BBBB][BBBB][BBBBBBBBBBBB][BBBBCCBB][BBBB][123C][3
4  CC  C   ][   C      C ][W     C ][ C  ][BBBBBB4
01234567890123456789012345678901234567890123456780

Legend 
=====================
 W    - Stone Wall
 B    - Brick wall
 C    - Chest
 1-4  - Biomass
 `    - Floor
 ][   - Stairs


