LAND game map 48 x 14
Stage #4
                     
01234567890123456789012345678901234567890123456780
1][      CC  C       CC                 CC       1
2][````````  ```````````````````````][  ```````][2
3][         B    C            C     ][         ][3
4  ``][     B````````````````````   ][         ][4
5      ``][           CC         B  ][         ][5
6  BB    ][     B````````````````B  ][         ][6
7C         ``][         CC          ][       C ][7
8````````````][```````````````      ][  ][`````][8
9  C         ][             C       ][  ][  CC   9
0CC      ][``][     ][``````````````][B   `````][0
1  C ][``    ][]C   ][      ][B                ][1
2    ][       ``````  ``````      CC         C ][2 
3][``                          B```````````````  3
4][12341234123412341234123412341234123412341234124
01234567890123456789012345678901234567890123456780

Legend 
=====================
 W    - Stone Wall
 B    - Brick wall
 C    - Chest
 1-4  - Biomass
 `    - Floor
 ][   - Stairs


