LAND game map 48 x 14
Stage #7
                     
01234567890123456789012345678901234567890123456780
1][          C              C   ][BC123BB][BBBBBB1
2][  C  C    ][   CC      CC````][BBBBBBB][    C 2
3][  BBCB][BBBBBBBBBBBB][BBBBBBB][B CC BB  ][````3
4BBBC      BB   C      ][BBBBBBBBBBBBBBBB  ][  C 4
5C BB  CC  WW      CC  ][BBCC   C            ][  5
6 CBB      BB][BB  BB  ][BBBBBBB     C     C   ][6
7C BB    CCBB][BBCCBB  ][     BB  BB```````````][7
8 CBBCC      ][BBBBBB  ][ CC  BBBBBB CC        ][8
9  BBBB      ][BBCCBBC ][```   CC     B12341C  ][9
0BBBBBB][BB12][BBBBBB``            C  `````````][0
1  CC  ][BBBBBBBBBBBB      BCB     BB   C   C  ][1
2C BBC ][BBCBCBCBCBBB C][``````BB``BB][BBBBBBBB][2 
3 CBB C][``````````BB``][  CC  CCC             ][3
4      ][       C  BB12][CCWWWWWW12341234123412344
01234567890123456789012345678901234567890123456780

Legend 
=====================
 W    - Stone Wall
 B    - Brick wall
 C    - Chest
 1-4  - Biomass
 `    - Floor
 ][   - Stairs


