LAND game Map 50 x 16
Stage #1
CRC-32 4CBE1FDF

{
#<>############  #############  ##################
#[]   $       $     $             $ $    []#     #
#$$^^^^[]   []^^^^^^^^^^^^^^####[]^^^^^^^[]% $  $#
#[]      ^^^                    [] $     []####  #
###[]^^^^###[]#  #[]####  ##   #[]^^^    []#   $ #
#%%[]       []    []    ^^     #      $  []  $   #
#%%%%%%[]#$$  ^^^^####    ######  $$ ^^^^[]####  #
#$$  $ []###$$    #[]      []%   ###  $  []#   $ #
#%%  ^^[] ####    #[]#^^^^#[]#  $%%%[]###[]  $   #
#$$    []         #[]$     []#^^^^[]     []####  #
#%%    %%[]       #[]$  $$ []#    []  $  []#     #
#  $   $ []       #[]   ^^#[]#    []#####[]  $  $#
#[]#^^^##[]       %    $ $%[]#    []     []####  #
#[]#   $ []  ######   ^^^^^[]###  []     []#     #
#[] []###[]  %1341341 $   $[]%$#  []#141#[]%  $$ #
##################################################
}

Legend:
=====================
 # = Solid Wall
 % = Brick Wall
 $ = Chest
 1 = Biomass 1
 2 = Biomass 2
 3 = Biomass 3
 4 = Biomass 4
 ^ = Floor
 [ = Ladder Left
 ] = Ladder Right
 < = Exit Door Left
 > = Exit Door Right
