LAND game Map 50 x 16
Stage #2
CRC-32 1AB000E0

{
#<>############  #############  ##################
#[]               $         $     $$       $ []$$#
#[]^^^^[] $  ##^^###[]##[]######$$[]$$    $%%[]%%#
#####  ####[]           []      []  []         []#
#  %%14$134[]      $    []      ####[]^^^^^^^^^[]#
#[]%%####%%%%   $[]#[]^^  ^^                #  []#
#[]          $ $  ##[]        ############[]#[]###
#[]####[]##^^^^^    []    ## $ $  $       []#[]  #
#[]#   []       $ $%[]$ $ %%%%%%[]^^^     []#[]$$#
#[]  $ [] $    ^^^^^######[]    []        []#  []#
#[]  []^^[]        $  $ $ []    []%%%^^^^####  []#
#[]  []  []       $   ^^^^[]$ $ []$$%141234  $ []#
#[]  []  [] $       $    $######[]  %%%%%%%%%%%[]#
#  []      []        $          []$$     ##  []  #
#  []  ##  []112    $           []       %%$ [] $#
##################################################
}

Legend:
=====================
 # = Solid Wall
 % = Brick Wall
 $ = Chest
 1 = Biomass 1
 2 = Biomass 2
 3 = Biomass 3
 4 = Biomass 4
 ^ = Floor
 [ = Ladder Left
 ] = Ladder Right
 < = Exit Door Left
 > = Exit Door Right
