LAND game Map 50 x 16
Stage #17
CRC-32 5AF66C97

{
#<>############  ###########  ####################
#[]  $  $  $       $  $  $      $           $  ###
#[]^^^^^^^^^^^^^^^^^^^^^^^^^^^^^[] $1$1$1$ %%[]###
#[]#%%%[]^^%%^^%%^^^%%[]%%[]%%  []%%%%%%%%%%%[]###
#[]#$$$ []  %$$1234$$% $% []%$$$12       %$12[]###
#[]#^^^  []  ^^^^^^^^#  #  ^^^#^%%$$$1234%###[]###
#[]# $$123#[]$       #  % $  $  $%%%%%%%%%%%%[]###
#[]#^^^^^^#[]#   $$ ##$ ##^  ^  [] $1$1$1$1$ []###
#[]%%12$$1#[]#   %%123  %12$12$#[]%%%#####%%%[]###
#[]#^^^^^^#[]#$$$#%[]#  #[]#^^^ [] $ $ $ $ $ []###
#[]#$$$12 []  ^^^##[]% $%[]#$   []^^^^^^^^^^^[]###
#[]#^[][][] ^#$  $#[]#^^#[]#^  []$$123    $12[]###
#[]12[]$$123$$##[]#[]$  $[]#  []%%%%%%$$[]%%%[]###
#[]^^[]  %%%%%    ########## []%%%%[]%%%%%%%%[]###
#[]% []  $%$[]%%[]  $    $  []   $#[] $   $ #[]###
##################################################
}

Legend:
=====================
 # = Solid Wall
 % = Brick Wall
 $ = Chest
 1 = Biomass 1
 2 = Biomass 2
 3 = Biomass 3
 4 = Biomass 4
 ^ = Floor
 [ = Ladder Left
 ] = Ladder Right
 < = Exit Door Left
 > = Exit Door Right
