LAND game Map 50 x 16
Stage #4
CRC-32 6A44F532

{
#<>############  #############  ##################
#[]          []  []         []  [] $         $ []#
#[]          []  []   []%   []  []             []#
#  ^^^^^^^^^ []  [] ^^   ^^ []  [] ^^^^^^^^^[]^  #
#$$          []  []$ $ $ $ $[]  []          []   #
#            []%%[]         []  []%%%      $ $12$#
#%%          []  []    $    []  []%$%        %%%%#
#            []  []%%13412%%[]  []%%%$   $  $    #
#$  [] #%^%^^^^^#[] ^%^^^%^ []^^^^^^^^^^^^^^^^^^^#
#12[]  #$ %% $$ #[]    $    []  $$  $      $$  $$#
#%[]   #% $% [] #[]  #   #  []  []^^ [] $$$  $$  #
#[]    #$ #% [] #[]  %%%%%  []  []    []   []^^%%#
#[]    #% $% [] #[]         []  []     []  []    #
#[]    %123% []  []         []  []  $$  []$[]$   #
#   []%%[]%%%[]%%[] %% $ %% []%%[]%%%%%%%12341%  #
##################################################
}

Legend:
=====================
 # = Solid Wall
 % = Brick Wall
 $ = Chest
 1 = Biomass 1
 2 = Biomass 2
 3 = Biomass 3
 4 = Biomass 4
 ^ = Floor
 [ = Ladder Left
 ] = Ladder Right
 < = Exit Door Left
 > = Exit Door Right
