LAND game Map 50 x 16
Stage #6
CRC-32 3BC1F6D2

{
#<>############  #############  ##################
#[]                                      %12341[]#
#[]             []                     $$%%%%%%[]#
#  ^^^^^^^^^^^^^  ^^^^[]^^^%           %%  #$$$[]#
#     %$12$11         []    %      $$%%  $$#%$%[]#
#   []%%%%%%%[]^^^^^^^[]     %     %%  %123#$%$[]#
#   []^^ ^^ ^[]       []      %$$%%  $$^^^^##$%[]#
#   []   $   []       []       %%  %12341  ##  []#
#%%%[]^^^^^^^     $$  []         $$^^^^^^  ##  []#
#$$#[]            %%  []                   ##  []#
#%%%[]   12341234 %%[]                     ##  []#
##^^    ^^^[]^^^^^%%^^%%^^%^^^^[]^[]^[]^[]^[]  []#
#          []     %$$$$$$$#    []^  ^  ^  ^    []#
#          []  ^^^%%%%%%^^^   []  $$ $$ $$     []#
#   %$$$%  []     %$1341234$$[]   %% %% ##  ## []#
##################################################
}

Legend:
=====================
 # = Solid Wall
 % = Brick Wall
 $ = Chest
 1 = Biomass 1
 2 = Biomass 2
 3 = Biomass 3
 4 = Biomass 4
 ^ = Floor
 [ = Ladder Left
 ] = Ladder Right
 < = Exit Door Left
 > = Exit Door Right
