LAND game Map 50 x 16
Stage #5
CRC-32 BD658227

{
#<>############  #############  ##################
#[]      $                       $%%$%%%%%%%%$%%$#
#[][]#####         []##[]##[]     ^^^^^^^[]^^^^  #
#  []              []##[]##[]            []      #
#  []^^^^^^^^^^^^^^^^%%[]%%^^^^^^^^^^^^^^[]^^^^  #
#  []              %123##                    $%  #
#  []^^^^^^^^      %%%%[]%%%%       $      []%%  #
#  []     %%%   %%%%%$ [] $%%%%%  []^^^[]  ^^^^[]#
#  []      $     %%%%^^[]^^%%%%        []      []#
#  []     %%%  %%%%%%$ [] $%%%%%       []^^^^^^[]#
#  []     %$%     %%%^^[]^^%%%   $  $          []#
#  []     ###^^^##%%%$ [] $%[]  []^^^^^^^#   [][]#
#  []              %%%^[]^^%[]  []           []  #
#  []^^^^^^^^^^^[]     []   []  []           []  #
#  []#123412341######1234123######1234123412#[]  #
##################################################
}

Legend:
=====================
 # = Solid Wall
 % = Brick Wall
 $ = Chest
 1 = Biomass 1
 2 = Biomass 2
 3 = Biomass 3
 4 = Biomass 4
 ^ = Floor
 [ = Ladder Left
 ] = Ladder Right
 < = Exit Door Left
 > = Exit Door Right
