LAND game Map 50 x 16
Stage #15
CRC-32 A3B733D2

{
#<>############  #############  ##################
#[]      $    $                   $ %%   $   $$  #
#[]############          $%%%%#^^^^^^^[]##   ^^[]#
#[]  %123412         $            %123[]       []#
#[]  %%%%%%%[]%%[]^^^^^^%%%%%%%%[]^^^^^^       []#
#[]  %%$   $%%  []              []     $       []#
#[]  %%%%%%%[]  []   $          []    ^^^#     []#
#[]  %%$   $%%  []^^^^^^#       []     $       []#
#[]  %%%%%%%[]  []           $  []  #^^^^^^    []#
#[]  %%$   $%%  []       #^^^^^^[]      $      []#
#[]  %%%%%%%[]  []   $          []    ^^^^^^#  []#
#[]^^^^^^^^^^^  []^^^^^^#       []       $     []#
#               []      $       []  #^^^^^^^^^^[]#
#[]^^^^^^^^^^^^^[]      #^^^^^^^[]%%           []#
#[]1234123412 $ []1234123412341234123412341234123#
##################################################
}

Legend:
=====================
 # = Solid Wall
 % = Brick Wall
 $ = Chest
 1 = Biomass 1
 2 = Biomass 2
 3 = Biomass 3
 4 = Biomass 4
 ^ = Floor
 [ = Ladder Left
 ] = Ladder Right
 < = Exit Door Left
 > = Exit Door Right
