LAND game map 48 x 14
Stage #8
                     
01234567890123456789012345678901234567890123456780
1][  C   C   CC                                  1
2][ B``````````            CC          C   CC    2
3][    C   C     ][````BB`````````BB`````````    3
4][    ``````````][  CC           CC        C    4
5][C             ][  ``B  C       CC       ``B   5
6][   BCC  CC    ][  C   B`  C B C          CC   6
7][  ````````][  ][ B` C   B````````      B````  7
8][          ][  ][   B` C   C   C         CC    8
9][B       ][    ][     B`   ```````B  `````````B9
0][  B    ][     ][ CC         CC        C       0
1][    CC][      ][ ``B     B``````   B``````C   1
2][CB````   C   C][      C    C        C    C    2 
3][         ````WWWW``````````````WW`````````B   3
4][W1234123412341234123412341234123412341234123WW4
01234567890123456789012345678901234567890123456780

Legend 
=====================
 W    - Stone Wall
 B    - Brick wall
 C    - Chest
 1-4  - Biomass
 `    - Floor
 ][   - Stairs


