LAND game Map 50 x 16
Stage #14
CRC-32 344B2F53

{
W<>WWWWWWWWWWWW  WWWWWWWWWWWWW  WWWWWWWWWWWWWWWWWW
W][                                              W
W][````````````````````````````````````````````][W
W                ][                            ][W
WCBBBB][BBBBBBB``][BBBWWWWWWWWWW][BBBWWWWWWWBBB][W
WBC  W][   C  B  ][WC WC C CBCCW][  BC  C  C   ][W
W  CBW][``C CCB  ][W CW][W][W][W][  BWWWWWWW   ][W
WCB  W][    ``B  ][WC C][WCCBCCW][  BC  C  C   ][W
WBC  W][``C CCB  ][WWWWWWWWWW][W][  BWWWWWWW   ][W
W  CBW][    ``B  ][W12341234123W][  BC  C  C   ][W
WCB  W][``C CCB  ][BBWWWW][WWWWW][  BWBBB][W   ][W
WBC  W][ B  ``B  ][  C C ][ C CW][   WCBC][W   ][W
W  CBW][WWC CCB  ][BB```````````][   C  C  C  W][W
WCB  W][BBBBBBB  ][             ][   WWWWWWW  W][W
W    B           ][1234123412341][   B123412BBB][W
WWWWWWWWWWWWWWWWWWWWWWWWWWWWWWWWWWWWWWWWWWWWWWWWWW
}

Legend
=====================
 W = Stone Wall
 B = Brick wall
 C = Chest
 1 = Biomass 1
 2 = Biomass 2
 3 = Biomass 3
 4 = Biomass 4
 ` = Floor
 ] = Stair Left
 [ = Stair Right
 < = Exit Door Left
 > = Exit Door Right
